simulated deep_underground (32 s)
simulated shallow_underground (74 s)
simulated surface_lab (262 s)
oracle deep_underground: {'hot': {'factor': 3, 'min_images': 2}, 'cti': {'length_h': 0, 'length_v': 0}, 'halo': {'radius': 5}, 'serial': {'window': 5, 'min_charged': 2}, 'lec': {'radius': 20, 'min_neighbours': 3}, 'muon': {'min_charge': 2, 'min_length': 1, 'dilation': 0}} (1170 s)
oracle shallow_underground: {'hot': {'factor': 3, 'min_images': 2}, 'cti': {'length_h': 400, 'length_v': 200}, 'halo': {'radius': 20}, 'serial': {'window': 50, 'min_charged': 8}, 'lec': {'radius': 20, 'min_neighbours': 10}, 'muon': {'min_charge': 2, 'min_length': 1, 'dilation': 2}} (2282 s)
oracle surface_lab: {'hot': {'factor': 1.2, 'min_images': 3}, 'cti': {'length_h': 600, 'length_v': 300}, 'halo': {'radius': 20}, 'serial': {'window': 10, 'min_charged': 6}, 'lec': {'radius': 1, 'min_neighbours': 1}, 'muon': {'min_charge': 5, 'min_length': 1, 'dilation': 2}} (3503 s)
oracle edge check: every optimum is inside its grid or on a physical bound

=== deep_underground ===
hot     adaptive                           target     64 removed 0.391  clean kept 1.000  signal eff 1.000  FoM 24.2
hot     no_mask                            target     64 removed 0.000  clean kept 1.000  signal eff 1.000  FoM 23.7
hot     oracle                             target     64 removed 0.906  clean kept 0.996  signal eff 0.995  FoM 24.8
hot     transplant_from_shallow_underground target     64 removed 0.906  clean kept 0.996  signal eff 0.995  FoM 24.8
hot     transplant_from_surface_lab        target     64 removed 1.000  clean kept 0.960  signal eff 0.759  FoM 21.7
cti     adaptive                           target      0 removed    -    clean kept 1.000  signal eff 1.000  FoM 24.9
cti     no_mask                            target      0 removed    -    clean kept 1.000  signal eff 1.000  FoM 24.9
cti     oracle                             target      0 removed    -    clean kept 1.000  signal eff 1.000  FoM 24.9
cti     transplant_from_shallow_underground target      0 removed    -    clean kept 1.000  signal eff 1.000  FoM 24.9
cti     transplant_from_surface_lab        target      0 removed    -    clean kept 1.000  signal eff 1.000  FoM 24.9
halo    adaptive                           target      0 removed    -    clean kept 1.000  signal eff 1.000  FoM 24.9
halo    no_mask                            target      0 removed    -    clean kept 1.000  signal eff 1.000  FoM 24.9
halo    oracle                             target      0 removed    -    clean kept 1.000  signal eff 1.000  FoM 24.9
halo    transplant_from_shallow_underground target      0 removed    -    clean kept 1.000  signal eff 1.000  FoM 24.9
halo    transplant_from_surface_lab        target      0 removed    -    clean kept 1.000  signal eff 1.000  FoM 24.9
serial  adaptive                           target      1 removed 1.000  clean kept 0.999  signal eff 1.000  FoM 24.9
serial  no_mask                            target      1 removed 0.000  clean kept 1.000  signal eff 1.000  FoM 24.9
serial  oracle                             target      1 removed 1.000  clean kept 0.998  signal eff 0.997  FoM 24.9
serial  transplant_from_shallow_underground target      1 removed 0.000  clean kept 1.000  signal eff 1.000  FoM 24.9
serial  transplant_from_surface_lab        target      1 removed 1.000  clean kept 1.000  signal eff 1.000  FoM 24.9
lec     adaptive                           target     43 removed 1.000  clean kept 0.992  signal eff 0.995  FoM 24.9
lec     no_mask                            target     43 removed 0.000  clean kept 1.000  signal eff 1.000  FoM 24.1
lec     oracle                             target     43 removed 1.000  clean kept 0.998  signal eff 0.998  FoM 24.9
lec     transplant_from_shallow_underground target     43 removed 0.837  clean kept 0.999  signal eff 1.000  FoM 24.8
lec     transplant_from_surface_lab        target     43 removed 0.000  clean kept 1.000  signal eff 1.000  FoM 24.1
muon    adaptive                           target      0 removed    -    clean kept 1.000  signal eff 1.000  FoM 24.9
muon    no_mask                            target      0 removed    -    clean kept 1.000  signal eff 1.000  FoM 24.9
muon    oracle                             target      0 removed    -    clean kept 1.000  signal eff 1.000  FoM 24.9
muon    transplant_from_shallow_underground target      0 removed    -    clean kept 1.000  signal eff 1.000  FoM 24.9
muon    transplant_from_surface_lab        target      0 removed    -    clean kept 1.000  signal eff 1.000  FoM 24.9
all     adaptive                           target    108 removed 0.639  clean kept 0.991  signal eff 0.995  FoM 24.1
all     fixed_tuned_on_deep_underground    target    108 removed 0.944  clean kept 0.992  signal eff 0.990  FoM 24.7
all     fixed_tuned_on_shallow_underground target    108 removed 0.880  clean kept 0.995  signal eff 0.995  FoM 24.6
all     fixed_tuned_on_surface_lab         target    108 removed 0.769  clean kept 0.960  signal eff 0.759  FoM 21.2
all     no_mask                            target    108 removed 0.000  clean kept 1.000  signal eff 1.000  FoM 23.0

=== shallow_underground ===
hot     adaptive                           target    173 removed 0.792  clean kept 0.997  signal eff 0.998  FoM 21.5
hot     no_mask                            target    173 removed 0.000  clean kept 1.000  signal eff 1.000  FoM 19.2
hot     transplant_from_deep_underground   target    173 removed 0.971  clean kept 0.973  signal eff 0.948  FoM 21.6
hot     oracle                             target    173 removed 0.971  clean kept 0.973  signal eff 0.948  FoM 21.6
hot     transplant_from_surface_lab        target    173 removed 1.000  clean kept 0.640  signal eff 0.413  FoM 14.3
cti     adaptive                           target   2994 removed 0.898  clean kept 0.939  signal eff 0.952  FoM 16.9
cti     no_mask                            target   2994 removed 0.000  clean kept 1.000  signal eff 1.000  FoM 8.4
cti     transplant_from_deep_underground   target   2994 removed 0.000  clean kept 1.000  signal eff 1.000  FoM 8.4
cti     oracle                             target   2994 removed 0.998  clean kept 0.832  signal eff 0.817  FoM 20.0
cti     transplant_from_surface_lab        target   2994 removed 0.999  clean kept 0.772  signal eff 0.764  FoM 19.4
halo    adaptive                           target    183 removed 0.858  clean kept 0.972  signal eff 0.980  FoM 21.5
halo    no_mask                            target    183 removed 0.000  clean kept 1.000  signal eff 1.000  FoM 19.0
halo    transplant_from_deep_underground   target    183 removed 0.377  clean kept 0.994  signal eff 1.000  FoM 20.1
halo    oracle                             target    183 removed 0.940  clean kept 0.957  signal eff 0.968  FoM 21.7
halo    transplant_from_surface_lab        target    183 removed 0.940  clean kept 0.957  signal eff 0.968  FoM 21.7
serial  adaptive                           target     24 removed 0.833  clean kept 0.996  signal eff 0.996  FoM 22.1
serial  no_mask                            target     24 removed 0.000  clean kept 1.000  signal eff 1.000  FoM 21.8
serial  transplant_from_deep_underground   target     24 removed 1.000  clean kept 0.866  signal eff 0.855  FoM 20.6
serial  oracle                             target     24 removed 0.792  clean kept 0.996  signal eff 1.000  FoM 22.2
serial  transplant_from_surface_lab        target     24 removed 0.542  clean kept 0.998  signal eff 1.000  FoM 22.0
lec     adaptive                           target    212 removed 0.934  clean kept 0.945  signal eff 0.954  FoM 21.4
lec     no_mask                            target    212 removed 0.000  clean kept 1.000  signal eff 1.000  FoM 18.6
lec     transplant_from_deep_underground   target    212 removed 0.995  clean kept 0.866  signal eff 0.833  FoM 20.3
lec     oracle                             target    212 removed 0.915  clean kept 0.948  signal eff 0.952  FoM 21.3
lec     transplant_from_surface_lab        target    212 removed 0.000  clean kept 1.000  signal eff 1.000  FoM 18.6
muon    adaptive                           target  14116 removed 0.996  clean kept 0.996  signal eff 1.000  FoM 21.1
muon    no_mask                            target  14116 removed 0.000  clean kept 1.000  signal eff 1.000  FoM 4.1
muon    transplant_from_deep_underground   target  14116 removed 1.000  clean kept 1.000  signal eff 1.000  FoM 22.2
muon    oracle                             target  14116 removed 1.000  clean kept 0.996  signal eff 1.000  FoM 22.2
muon    transplant_from_surface_lab        target  14116 removed 1.000  clean kept 0.998  signal eff 1.000  FoM 22.2
all     adaptive                           target   3586 removed 0.908  clean kept 0.864  signal eff 0.881  FoM 15.8
all     fixed_tuned_on_deep_underground    target   3586 removed 0.949  clean kept 0.737  signal eff 0.683  FoM 14.8
all     fixed_tuned_on_shallow_underground target   3586 removed 0.993  clean kept 0.771  signal eff 0.734  FoM 18.4
all     fixed_tuned_on_surface_lab         target   3586 removed 0.987  clean kept 0.489  signal eff 0.306  FoM 10.8
all     no_mask                            target   3586 removed 0.000  clean kept 1.000  signal eff 1.000  FoM 7.8

=== surface_lab ===
hot     adaptive                           target   1528 removed 0.949  clean kept 0.981  signal eff 0.971  FoM 17.3
hot     no_mask                            target   1528 removed 0.000  clean kept 1.000  signal eff 1.000  FoM 8.6
hot     transplant_from_deep_underground   target   1528 removed 0.174  clean kept 0.998  signal eff 0.920  FoM 8.6
hot     transplant_from_shallow_underground target   1528 removed 0.174  clean kept 0.998  signal eff 0.920  FoM 8.6
hot     oracle                             target   1528 removed 0.960  clean kept 0.886  signal eff 0.866  FoM 16.5
cti     adaptive                           target  73347 removed 0.889  clean kept 0.421  signal eff 0.492  FoM 2.0
cti     no_mask                            target  73347 removed 0.000  clean kept 1.000  signal eff 1.000  FoM 1.4
cti     transplant_from_deep_underground   target  73347 removed 0.000  clean kept 1.000  signal eff 1.000  FoM 1.4
cti     transplant_from_shallow_underground target  73347 removed 0.998  clean kept 0.128  signal eff 0.136  FoM 4.0
cti     oracle                             target  73347 removed 1.000  clean kept 0.067  signal eff 0.080  FoM 5.1
halo    adaptive                           target   2081 removed 0.000  clean kept 1.000  signal eff 1.000  FoM 7.5
halo    no_mask                            target   2081 removed 0.000  clean kept 1.000  signal eff 1.000  FoM 7.5
halo    transplant_from_deep_underground   target   2081 removed 0.269  clean kept 0.938  signal eff 0.971  FoM 8.4
halo    transplant_from_shallow_underground target   2081 removed 0.852  clean kept 0.652  signal eff 0.714  FoM 11.1
halo    oracle                             target   2081 removed 0.852  clean kept 0.652  signal eff 0.714  FoM 11.1
serial  adaptive                           target    114 removed 0.763  clean kept 0.996  signal eff 0.995  FoM 18.6
serial  no_mask                            target    114 removed 0.000  clean kept 1.000  signal eff 1.000  FoM 16.9
serial  transplant_from_deep_underground   target    114 removed 1.000  clean kept 0.031  signal eff 0.029  FoM 3.3
serial  transplant_from_shallow_underground target    114 removed 1.000  clean kept 0.809  signal eff 0.834  FoM 17.7
serial  oracle                             target    114 removed 0.632  clean kept 0.982  signal eff 0.984  FoM 18.2
lec     adaptive                           target     15 removed 0.400  clean kept 0.893  signal eff 0.901  FoM 18.1
lec     no_mask                            target     15 removed 0.000  clean kept 1.000  signal eff 1.000  FoM 19.0
lec     transplant_from_deep_underground   target     15 removed 1.000  clean kept 0.008  signal eff 0.011  FoM 2.0
lec     transplant_from_shallow_underground target     15 removed 0.867  clean kept 0.078  signal eff 0.091  FoM 5.7
lec     oracle                             target     15 removed 0.000  clean kept 1.000  signal eff 1.000  FoM 19.0
muon    adaptive                           target 202401 removed 0.999  clean kept 0.947  signal eff 0.976  FoM 14.2
muon    no_mask                            target 202401 removed 0.000  clean kept 1.000  signal eff 1.000  FoM 0.8
muon    transplant_from_deep_underground   target 202401 removed 0.999  clean kept 1.000  signal eff 1.000  FoM 16.3
muon    transplant_from_shallow_underground target 202401 removed 1.000  clean kept 0.903  signal eff 0.981  FoM 19.0
muon    oracle                             target 202401 removed 1.000  clean kept 0.961  signal eff 0.995  FoM 19.0
all     adaptive                           target  77085 removed 0.915  clean kept 0.358  signal eff 0.412  FoM 1.9
all     fixed_tuned_on_deep_underground    target  77085 removed 1.000  clean kept 0.001  signal eff 0.000  FoM 0.0
all     fixed_tuned_on_shallow_underground target  77085 removed 0.999  clean kept 0.035  signal eff 0.035  FoM 1.3
all     fixed_tuned_on_surface_lab         target  77085 removed 0.999  clean kept 0.047  signal eff 0.059  FoM 2.8
all     no_mask                            target  77085 removed 0.000  clean kept 1.000  signal eff 1.000  FoM 1.3
done in 3875 s
